// Jest Snapshot v1, https://goo.gl/fbAQLP

exports[`Listitem test renders correctly 1`] = `
<View
  className="sc-bczRLJ cWjxhD"
>
  <RCTScrollView
    ItemSeparatorComponent={[Function]}
    contentContainerStyle={
      Object {
        "marginTop": 10,
        "paddingBottom": 10,
      }
    }
    data={
      Array [
        Object {
          "id": 842912478,
          "title": "Automatic update of the \`kubernetes\` packages.",
        },
        Object {
          "id": 842668222,
          "number": 805,
          "title": "diskutils: add more robust handling of disk/partition operations",
        },
        Object {
          "id": 842369440,
          "title": "Change dropdown menus to accessible input fields",
        },
      ]
    }
    getItem={[Function]}
    getItemCount={[Function]}
    keyExtractor={[Function]}
    onContentSizeChange={[Function]}
    onLayout={[Function]}
    onMomentumScrollBegin={[Function]}
    onMomentumScrollEnd={[Function]}
    onScroll={[Function]}
    onScrollBeginDrag={[Function]}
    onScrollEndDrag={[Function]}
    removeClippedSubviews={false}
    renderItem={[Function]}
    scrollEventThrottle={50}
    stickyHeaderIndices={Array []}
    viewabilityConfigCallbackPairs={Array []}
  >
    <View>
      <View
        onLayout={[Function]}
        style={null}
      >
        <View
          accessible={true}
          collapsable={false}
          focusable={true}
          onClick={[Function]}
          onResponderGrant={[Function]}
          onResponderMove={[Function]}
          onResponderRelease={[Function]}
          onResponderTerminate={[Function]}
          onResponderTerminationRequest={[Function]}
          onStartShouldSetResponder={[Function]}
          style={
            Object {
              "opacity": 1,
            }
          }
        >
          <View
            className="sc-papXJ hBXJym"
          >
            <View
              className="sc-ftvSup fBMsfT"
              color="#696969"
            />
            <Text
              style={
                Array [
                  Object {
                    "fontSize": 16,
                    "width": "100%",
                  },
                ]
              }
            >
              Automatic update of the \`kubernetes\` packages.
            </Text>
          </View>
        </View>
        <View
          className="sc-iBkjds kpJEBP"
        />
      </View>
      <View
        onLayout={[Function]}
        style={null}
      >
        <View
          accessible={true}
          collapsable={false}
          focusable={true}
          onClick={[Function]}
          onResponderGrant={[Function]}
          onResponderMove={[Function]}
          onResponderRelease={[Function]}
          onResponderTerminate={[Function]}
          onResponderTerminationRequest={[Function]}
          onStartShouldSetResponder={[Function]}
          style={
            Object {
              "opacity": 1,
            }
          }
        >
          <View
            className="sc-papXJ hBXJym"
          >
            <View
              className="sc-ftvSup fBMsfT"
              color="#696969"
            />
            <Text
              style={
                Array [
                  Object {
                    "fontSize": 16,
                    "width": "100%",
                  },
                ]
              }
            >
              diskutils: add more robust handling of disk/partition operations
            </Text>
          </View>
        </View>
        <View
          className="sc-iBkjds kpJEBP"
        />
      </View>
      <View
        onLayout={[Function]}
        style={null}
      >
        <View
          accessible={true}
          collapsable={false}
          focusable={true}
          onClick={[Function]}
          onResponderGrant={[Function]}
          onResponderMove={[Function]}
          onResponderRelease={[Function]}
          onResponderTerminate={[Function]}
          onResponderTerminationRequest={[Function]}
          onStartShouldSetResponder={[Function]}
          style={
            Object {
              "opacity": 1,
            }
          }
        >
          <View
            className="sc-papXJ hBXJym"
          >
            <View
              className="sc-ftvSup fBMsfT"
              color="#696969"
            />
            <Text
              style={
                Array [
                  Object {
                    "fontSize": 16,
                    "width": "100%",
                  },
                ]
              }
            >
              Change dropdown menus to accessible input fields
            </Text>
          </View>
        </View>
      </View>
    </View>
  </RCTScrollView>
  <View
    className="sc-jSMfEi jLeYqr"
  >
    <View
      accessible={true}
      collapsable={false}
      focusable={true}
      onClick={[Function]}
      onResponderGrant={[Function]}
      onResponderMove={[Function]}
      onResponderRelease={[Function]}
      onResponderTerminate={[Function]}
      onResponderTerminationRequest={[Function]}
      onStartShouldSetResponder={[Function]}
      style={
        Object {
          "opacity": 1,
        }
      }
    >
      <Text
        style={
          Array [
            Object {
              "fontSize": 16,
              "width": "100%",
            },
          ]
        }
      >
        next
      </Text>
    </View>
    <Text
      style={
        Array [
          Object {
            "fontSize": 16,
            "width": "100%",
          },
        ]
      }
    >
      Page 1 of 1
    </Text>
    <View
      accessible={true}
      collapsable={false}
      focusable={true}
      onClick={[Function]}
      onResponderGrant={[Function]}
      onResponderMove={[Function]}
      onResponderRelease={[Function]}
      onResponderTerminate={[Function]}
      onResponderTerminationRequest={[Function]}
      onStartShouldSetResponder={[Function]}
      style={
        Object {
          "opacity": 1,
        }
      }
    >
      <Text
        style={
          Array [
            Object {
              "fontSize": 16,
              "width": "100%",
            },
          ]
        }
      >
        last
      </Text>
    </View>
  </View>
</View>
`;
